
user@SSAVI MINGW64 ~/Documents/Vagrant/Host1
$ vagrant init ubuntu/bionic64
A `Vagrantfile` has been placed in this directory. You are now
ready to `vagrant up` your first virtual environment! Please read
the comments in the Vagrantfile as well as documentation on
`vagrantup.com` for more information on using Vagrant.

user@SSAVI MINGW64 ~/Documents/Vagrant/Host1
$ vagrant up
Bringing machine 'default' up with 'virtualbox' provider...
==> default: Box 'ubuntu/bionic64' could not be found. Attempting to find and install...
    default: Box Provider: virtualbox
    default: Box Version: >= 0
==> default: Loading metadata for box 'ubuntu/bionic64'
    default: URL: https://vagrantcloud.com/ubuntu/bionic64
==> default: Adding box 'ubuntu/bionic64' (v20230607.0.0) for provider: virtualbox
    default: Downloading: https://vagrantcloud.com/ubuntu/boxes/bionic64/versions/20230607.0.0/providers/virtualbox.box
Download redirected to host: cloud-images.ubuntu.com
    default:
==> default: Successfully added box 'ubuntu/bionic64' (v20230607.0.0) for 'virtualbox'!
==> default: Importing base box 'ubuntu/bionic64'...
==> default: Matching MAC address for NAT networking...
==> default: Checking if box 'ubuntu/bionic64' version '20230607.0.0' is up to date...
==> default: Setting the name of the VM: Host1_default_1690738477242_89777
==> default: Clearing any previously set network interfaces...
==> default: Preparing network interfaces based on configuration...
    default: Adapter 1: nat
==> default: Forwarding ports...
    default: 22 (guest) => 2222 (host) (adapter 1)
==> default: Running 'pre-boot' VM customizations...
==> default: Booting VM...
==> default: Waiting for machine to boot. This may take a few minutes...
    default: SSH address: 127.0.0.1:2222
    default: SSH username: vagrant
    default: SSH auth method: private key
    default: Warning: Connection reset. Retrying...
    default: Warning: Remote connection disconnect. Retrying...
    default:
    default: Vagrant insecure key detected. Vagrant will automatically replace
    default: this with a newly generated keypair for better security.
    default:
    default: Inserting generated public key within guest...
    default: Removing insecure key from the guest if it's present...
    default: Key inserted! Disconnecting and reconnecting using new SSH key...
==> default: Machine booted and ready!
==> default: Checking for guest additions in VM...
    default: The guest additions on this VM do not match the installed version of
    default: VirtualBox! In most cases this is fine, but in rare cases it can
    default: prevent things such as shared folders from working properly. If you see
    default: shared folder errors, please make sure the guest additions within the
    default: virtual machine match the version of VirtualBox you have installed on
    default: your host and reload your VM.
    default:
    default: Guest Additions Version: 5.2.42
    default: VirtualBox Version: 7.0
==> default: Mounting shared folders...
    default: /vagrant => C:/Users/user/Documents/Vagrant/Host1

user@SSAVI MINGW64 ~/Documents/Vagrant/Host1
$ vagrant ssh
Welcome to Ubuntu 18.04.6 LTS (GNU/Linux 4.15.0-212-generic x86_64)

 * Documentation:  https://help.ubuntu.com
 * Management:     https://landscape.canonical.com
 * Support:        https://ubuntu.com/advantage

  System information as of Sun Jul 30 17:35:29 UTC 2023

  System load:  0.45              Processes:             101
  Usage of /:   3.0% of 38.70GB   Users logged in:       0
  Memory usage: 13%               IP address for enp0s3: 10.0.2.15
  Swap usage:   0%


Expanded Security Maintenance for Infrastructure is not enabled.

0 updates can be applied immediately.

Enable ESM Infra to receive additional future security updates.
See https://ubuntu.com/esm or run: sudo pro status

New release '20.04.6 LTS' available.
Run 'do-release-upgrade' to upgrade to it.


vagrant@ubuntu-bionic:~$ whoami
vagrant
vagrant@ubuntu-bionic:~$ exit
logout
Connection to 127.0.0.1 closed.

user@SSAVI MINGW64 ~/Documents/Vagrant/Host1
$ vagrant halt
==> default: Attempting graceful shutdown of VM...

user@SSAVI MINGW64 ~/Documents/Vagrant/Host1
$ vagrant up
Bringing machine 'default' up with 'virtualbox' provider...
==> default: Checking if box 'ubuntu/bionic64' version '20230607.0.0' is up to date...
==> default: Clearing any previously set forwarded ports...
==> default: Clearing any previously set network interfaces...
==> default: Preparing network interfaces based on configuration...
    default: Adapter 1: nat
    default: Adapter 2: hostonly
==> default: Forwarding ports...
    default: 22 (guest) => 2222 (host) (adapter 1)
==> default: Running 'pre-boot' VM customizations...
==> default: Booting VM...
==> default: Waiting for machine to boot. This may take a few minutes...
    default: SSH address: 127.0.0.1:2222
    default: SSH username: vagrant
    default: SSH auth method: private key
==> default: Machine booted and ready!
==> default: Checking for guest additions in VM...
    default: The guest additions on this VM do not match the installed version of
    default: VirtualBox! In most cases this is fine, but in rare cases it can
    default: prevent things such as shared folders from working properly. If you see
    default: shared folder errors, please make sure the guest additions within the
    default: virtual machine match the version of VirtualBox you have installed on
    default: your host and reload your VM.
    default:
    default: Guest Additions Version: 5.2.42
    default: VirtualBox Version: 7.0
==> default: Configuring and enabling network interfaces...
==> default: Mounting shared folders...
    default: /vagrant => C:/Users/user/Documents/Vagrant/Host1
==> default: Machine already provisioned. Run `vagrant provision` or use the `--provision`
==> default: flag to force provisioning. Provisioners marked to run always will still run.

user@SSAVI MINGW64 ~/Documents/Vagrant/Host1
$ vagrant ssh

Welcome to Ubuntu 18.04.6 LTS (GNU/Linux 4.15.0-212-generic x86_64)

 * Documentation:  https://help.ubuntu.com
 * Management:     https://landscape.canonical.com
 * Support:        https://ubuntu.com/advantage

  System information as of Sun Jul 30 17:39:37 UTC 2023

  System load:  0.27              Processes:             102
  Usage of /:   3.0% of 38.70GB   Users logged in:       0
  Memory usage: 12%               IP address for enp0s3: 10.0.2.15
  Swap usage:   0%                IP address for enp0s8: 192.168.33.10


Expanded Security Maintenance for Infrastructure is not enabled.

0 updates can be applied immediately.

Enable ESM Infra to receive additional future security updates.
See https://ubuntu.com/esm or run: sudo pro status

New release '20.04.6 LTS' available.
Run 'do-release-upgrade' to upgrade to it.


Last login: Sun Jul 30 17:35:30 2023 from 10.0.2.2

vagrant@ubuntu-bionic:~$
vagrant@ubuntu-bionic:~$ ifconfig
enp0s3: flags=4163<UP,BROADCAST,RUNNING,MULTICAST>  mtu 1500
        inet 10.0.2.15  netmask 255.255.255.0  broadcast 10.0.2.255
        inet6 fe80::3b:7bff:feb7:3b2d  prefixlen 64  scopeid 0x20<link>
        ether 02:3b:7b:b7:3b:2d  txqueuelen 1000  (Ethernet)
        RX packets 782  bytes 95734 (95.7 KB)
        RX errors 0  dropped 0  overruns 0  frame 0
        TX packets 548  bytes 102458 (102.4 KB)
        TX errors 0  dropped 0 overruns 0  carrier 0  collisions 0

enp0s8: flags=4163<UP,BROADCAST,RUNNING,MULTICAST>  mtu 1500
        inet 192.168.33.10  netmask 255.255.255.0  broadcast 192.168.33.255
        inet6 fe80::a00:27ff:fe53:cab5  prefixlen 64  scopeid 0x20<link>
        ether 08:00:27:53:ca:b5  txqueuelen 1000  (Ethernet)
        RX packets 0  bytes 0 (0.0 B)
        RX errors 0  dropped 0  overruns 0  frame 0
        TX packets 8  bytes 656 (656.0 B)
        TX errors 0  dropped 0 overruns 0  carrier 0  collisions 0

lo: flags=73<UP,LOOPBACK,RUNNING>  mtu 65536
        inet 127.0.0.1  netmask 255.0.0.0
        inet6 ::1  prefixlen 128  scopeid 0x10<host>
        loop  txqueuelen 1000  (Local Loopback)
        RX packets 0  bytes 0 (0.0 B)
        RX errors 0  dropped 0  overruns 0  frame 0
        TX packets 0  bytes 0 (0.0 B)
        TX errors 0  dropped 0 overruns 0  carrier 0  collisions 0

vagrant@ubuntu-bionic:~$ sudo -i
root@ubuntu-bionic:~#
root@ubuntu-bionic:~#
root@ubuntu-bionic:~# ping 192.168.33.11 -c 5
PING 192.168.33.11 (192.168.33.11) 56(84) bytes of data.
64 bytes from 192.168.33.11: icmp_seq=1 ttl=64 time=0.757 ms
64 bytes from 192.168.33.11: icmp_seq=2 ttl=64 time=0.405 ms
64 bytes from 192.168.33.11: icmp_seq=3 ttl=64 time=0.400 ms
64 bytes from 192.168.33.11: icmp_seq=4 ttl=64 time=1.07 ms
64 bytes from 192.168.33.11: icmp_seq=5 ttl=64 time=0.936 ms

--- 192.168.33.11 ping statistics ---
5 packets transmitted, 5 received, 0% packet loss, time 4376ms
rtt min/avg/max/mdev = 0.400/0.715/1.079/0.276 ms
root@ubuntu-bionic:~#
root@ubuntu-bionic:~#
root@ubuntu-bionic:~#
root@ubuntu-bionic:~# sudo apt update
Hit:1 http://archive.ubuntu.com/ubuntu bionic InRelease
Get:2 http://security.ubuntu.com/ubuntu bionic-security InRelease [88.7 kB]
Get:3 http://archive.ubuntu.com/ubuntu bionic-updates InRelease [88.7 kB]
Get:4 http://archive.ubuntu.com/ubuntu bionic-backports InRelease [83.3 kB]
Get:5 http://archive.ubuntu.com/ubuntu bionic/universe amd64 Packages [8570 kB]
Get:6 http://security.ubuntu.com/ubuntu bionic-security/main amd64 Packages [2717 kB]
Get:7 http://security.ubuntu.com/ubuntu bionic-security/main Translation-en [467 kB]
Get:8 http://security.ubuntu.com/ubuntu bionic-security/restricted amd64 Packages [1317 kB]
Get:9 http://security.ubuntu.com/ubuntu bionic-security/restricted Translation-en [182 kB]
Get:10 http://security.ubuntu.com/ubuntu bionic-security/universe amd64 Packages [1303 kB]
Get:11 http://archive.ubuntu.com/ubuntu bionic/universe Translation-en [4941 kB]
Get:12 http://security.ubuntu.com/ubuntu bionic-security/universe Translation-en [308 kB]
Get:13 http://security.ubuntu.com/ubuntu bionic-security/multiverse amd64 Packages [19.8 kB]
Get:14 http://security.ubuntu.com/ubuntu bionic-security/multiverse Translation-en [3928 B]
Get:15 http://archive.ubuntu.com/ubuntu bionic/multiverse amd64 Packages [151 kB]
Get:16 http://archive.ubuntu.com/ubuntu bionic/multiverse Translation-en [108 kB]
Get:17 http://archive.ubuntu.com/ubuntu bionic-updates/main amd64 Packages [3045 kB]
Get:18 http://archive.ubuntu.com/ubuntu bionic-updates/main Translation-en [553 kB]
Get:19 http://archive.ubuntu.com/ubuntu bionic-updates/restricted amd64 Packages [1347 kB]
Get:20 http://archive.ubuntu.com/ubuntu bionic-updates/restricted Translation-en [187 kB]
Get:21 http://archive.ubuntu.com/ubuntu bionic-updates/universe amd64 Packages [1914 kB]
Get:22 http://archive.ubuntu.com/ubuntu bionic-updates/universe Translation-en [420 kB]
Get:23 http://archive.ubuntu.com/ubuntu bionic-updates/multiverse amd64 Packages [25.6 kB]
Get:24 http://archive.ubuntu.com/ubuntu bionic-updates/multiverse Translation-en [6088 B]
Get:25 http://archive.ubuntu.com/ubuntu bionic-backports/main amd64 Packages [53.3 kB]
Get:26 http://archive.ubuntu.com/ubuntu bionic-backports/main Translation-en [14.6 kB]
Get:27 http://archive.ubuntu.com/ubuntu bionic-backports/universe amd64 Packages [18.2 kB]
Get:28 http://archive.ubuntu.com/ubuntu bionic-backports/universe Translation-en [8668 B]
Fetched 27.9 MB in 36s (776 kB/s)
Reading package lists... Done
Building dependency tree
Reading state information... Done
7 packages can be upgraded. Run 'apt list --upgradable' to see them.
root@ubuntu-bionic:~#
root@ubuntu-bionic:~#
root@ubuntu-bionic:~#
root@ubuntu-bionic:~#
root@ubuntu-bionic:~# sudo apt install -y docker.io
Reading package lists... Done
Building dependency tree
Reading state information... Done
The following additional packages will be installed:
  bridge-utils containerd pigz runc ubuntu-fan
Suggested packages:
  ifupdown aufs-tools cgroupfs-mount | cgroup-lite debootstrap docker-doc
  rinse zfs-fuse | zfsutils
The following NEW packages will be installed:
  bridge-utils containerd docker.io pigz runc ubuntu-fan
0 upgraded, 6 newly installed, 0 to remove and 7 not upgraded.
Need to get 65.7 MB of archives.
After this operation, 292 MB of additional disk space will be used.
Get:1 http://archive.ubuntu.com/ubuntu bionic/universe amd64 pigz amd64 2.4-1 [57.4 kB]
Get:2 http://archive.ubuntu.com/ubuntu bionic/main amd64 bridge-utils amd64 1.5-15ubuntu1 [30.1 kB]
Get:3 http://archive.ubuntu.com/ubuntu bionic-updates/universe amd64 runc amd64 1.1.4-0ubuntu1~18.04.2 [3822 kB]
Get:4 http://archive.ubuntu.com/ubuntu bionic-updates/universe amd64 containerd amd64 1.6.12-0ubuntu1~18.04.1 [31.5 MB]
Get:5 http://archive.ubuntu.com/ubuntu bionic-updates/universe amd64 docker.io amd64 20.10.21-0ubuntu1~18.04.3 [30.3 MB]
Get:6 http://archive.ubuntu.com/ubuntu bionic/main amd64 ubuntu-fan all 0.12.10 [34.7 kB]
Fetched 65.7 MB in 40s (1658 kB/s)
Preconfiguring packages ...
Selecting previously unselected package pigz.
(Reading database ... 60336 files and directories currently installed.)
Preparing to unpack .../0-pigz_2.4-1_amd64.deb ...
Unpacking pigz (2.4-1) ...
Selecting previously unselected package bridge-utils.
Preparing to unpack .../1-bridge-utils_1.5-15ubuntu1_amd64.deb ...
Unpacking bridge-utils (1.5-15ubuntu1) ...
Selecting previously unselected package runc.
Preparing to unpack .../2-runc_1.1.4-0ubuntu1~18.04.2_amd64.deb ...
Unpacking runc (1.1.4-0ubuntu1~18.04.2) ...
Selecting previously unselected package containerd.
Preparing to unpack .../3-containerd_1.6.12-0ubuntu1~18.04.1_amd64.deb ...
Unpacking containerd (1.6.12-0ubuntu1~18.04.1) ...
Selecting previously unselected package docker.io.
Preparing to unpack .../4-docker.io_20.10.21-0ubuntu1~18.04.3_amd64.deb ...
Unpacking docker.io (20.10.21-0ubuntu1~18.04.3) ...
Selecting previously unselected package ubuntu-fan.
Preparing to unpack .../5-ubuntu-fan_0.12.10_all.deb ...
Unpacking ubuntu-fan (0.12.10) ...
Setting up runc (1.1.4-0ubuntu1~18.04.2) ...
Setting up containerd (1.6.12-0ubuntu1~18.04.1) ...
Created symlink /etc/systemd/system/multi-user.target.wants/containerd.service → /lib/systemd/system/containerd.service.
Setting up bridge-utils (1.5-15ubuntu1) ...
Setting up ubuntu-fan (0.12.10) ...
Created symlink /etc/systemd/system/multi-user.target.wants/ubuntu-fan.service → /lib/systemd/system/ubuntu-fan.service.
Setting up pigz (2.4-1) ...
Setting up docker.io (20.10.21-0ubuntu1~18.04.3) ...
Adding group `docker' (GID 116) ...
Done.
Created symlink /etc/systemd/system/multi-user.target.wants/docker.service → /lib/systemd/system/docker.service.
Created symlink /etc/systemd/system/sockets.target.wants/docker.socket → /lib/systemd/system/docker.socket.
Processing triggers for systemd (237-3ubuntu10.57) ...
Processing triggers for man-db (2.8.3-2ubuntu0.1) ...
Processing triggers for ureadahead (0.100.0-21) ...
root@ubuntu-bionic:~#
root@ubuntu-bionic:~#
root@ubuntu-bionic:~#
root@ubuntu-bionic:~# sudo docker network create --subnet 172.18.0.0/16 vxlan-net
ca825b8df41aac24ecbdbb2b50e458d626cb1312b25afb60011d1f7918104a36
root@ubuntu-bionic:~# sudo docker network ls
NETWORK ID     NAME        DRIVER    SCOPE
f2b11909d946   bridge      bridge    local
7fdaa6034e99   host        host      local
65aa87ed54c5   none        null      local
ca825b8df41a   vxlan-net   bridge    local
root@ubuntu-bionic:~#
root@ubuntu-bionic:~#
root@ubuntu-bionic:~# sudo ip a
1: lo: <LOOPBACK,UP,LOWER_UP> mtu 65536 qdisc noqueue state UNKNOWN group default qlen 1000
    link/loopback 00:00:00:00:00:00 brd 00:00:00:00:00:00
    inet 127.0.0.1/8 scope host lo
       valid_lft forever preferred_lft forever
    inet6 ::1/128 scope host
       valid_lft forever preferred_lft forever
2: enp0s3: <BROADCAST,MULTICAST,UP,LOWER_UP> mtu 1500 qdisc fq_codel state UP group default qlen 1000
    link/ether 02:3b:7b:b7:3b:2d brd ff:ff:ff:ff:ff:ff
    inet 10.0.2.15/24 brd 10.0.2.255 scope global dynamic enp0s3
       valid_lft 85887sec preferred_lft 85887sec
    inet6 fe80::3b:7bff:feb7:3b2d/64 scope link
       valid_lft forever preferred_lft forever
3: enp0s8: <BROADCAST,MULTICAST,UP,LOWER_UP> mtu 1500 qdisc fq_codel state UP group default qlen 1000
    link/ether 08:00:27:53:ca:b5 brd ff:ff:ff:ff:ff:ff
    inet 192.168.33.10/24 brd 192.168.33.255 scope global enp0s8
       valid_lft forever preferred_lft forever
    inet6 fe80::a00:27ff:fe53:cab5/64 scope link
       valid_lft forever preferred_lft forever
4: docker0: <NO-CARRIER,BROADCAST,MULTICAST,UP> mtu 1500 qdisc noqueue state DOWN group default
    link/ether 02:42:7a:8b:d1:3e brd ff:ff:ff:ff:ff:ff
    inet 172.17.0.1/16 brd 172.17.255.255 scope global docker0
       valid_lft forever preferred_lft forever
5: br-ca825b8df41a: <NO-CARRIER,BROADCAST,MULTICAST,UP> mtu 1500 qdisc noqueue state DOWN group default
    link/ether 02:42:ca:d6:9b:f7 brd ff:ff:ff:ff:ff:ff
    inet 172.18.0.1/16 brd 172.18.255.255 scope global br-ca825b8df41a
       valid_lft forever preferred_lft forever
root@ubuntu-bionic:~#
root@ubuntu-bionic:~#
root@ubuntu-bionic:~# sudo docker run -d --net vxlan-net --ip 172.18.0.11 ubuntu sleep 3000
Unable to find image 'ubuntu:latest' locally
latest: Pulling from library/ubuntu
3153aa388d02: Pull complete
Digest: sha256:0bced47fffa3361afa981854fcabcd4577cd43cebbb808cea2b1f33a3dd7f508
Status: Downloaded newer image for ubuntu:latest
ca850eb0e6e83915a738253d4997f15fd731abc06b2d2001c18148076ca4f717
root@ubuntu-bionic:~# sudo docker ps
CONTAINER ID   IMAGE     COMMAND        CREATED          STATUS         PORTS     NAMES
ca850eb0e6e8   ubuntu    "sleep 3000"   11 seconds ago   Up 9 seconds             loving_pike
root@ubuntu-bionic:~#
root@ubuntu-bionic:~#
root@ubuntu-bionic:~# sudo docker inspect ca850eb0e6e8 | grep IPAddress
            "SecondaryIPAddresses": null,
            "IPAddress": "",
                    "IPAddress": "172.18.0.11",
root@ubuntu-bionic:~# ping 172.18.0.1 -c 2
PING 172.18.0.1 (172.18.0.1) 56(84) bytes of data.
64 bytes from 172.18.0.1: icmp_seq=1 ttl=64 time=0.029 ms
64 bytes from 172.18.0.1: icmp_seq=2 ttl=64 time=0.091 ms

--- 172.18.0.1 ping statistics ---
2 packets transmitted, 2 received, 0% packet loss, time 1006ms
rtt min/avg/max/mdev = 0.029/0.060/0.091/0.031 ms
root@ubuntu-bionic:~#
root@ubuntu-bionic:~#
root@ubuntu-bionic:~#
root@ubuntu-bionic:~# sudo docker exec -it ca850eb0e6e8 bash
root@ca850eb0e6e8:/#
root@ca850eb0e6e8:/#
root@ca850eb0e6e8:/#
root@ca850eb0e6e8:/# sudo apt-get update
bash: sudo: command not found
root@ca850eb0e6e8:/# apt-get update
Get:1 http://security.ubuntu.com/ubuntu jammy-security InRelease [110 kB]
Get:2 http://archive.ubuntu.com/ubuntu jammy InRelease [270 kB]
Get:3 http://security.ubuntu.com/ubuntu jammy-security/universe amd64 Packages [969 kB]
Get:4 http://archive.ubuntu.com/ubuntu jammy-updates InRelease [119 kB]
Get:5 http://archive.ubuntu.com/ubuntu jammy-backports InRelease [108 kB]
Get:6 http://archive.ubuntu.com/ubuntu jammy/main amd64 Packages [1792 kB]
Get:7 http://security.ubuntu.com/ubuntu jammy-security/multiverse amd64 Packages [44.0 kB]
Get:8 http://security.ubuntu.com/ubuntu jammy-security/main amd64 Packages [802 kB]
Get:9 http://security.ubuntu.com/ubuntu jammy-security/restricted amd64 Packages [848 kB]
Get:10 http://archive.ubuntu.com/ubuntu jammy/universe amd64 Packages [17.5 MB]
Get:11 http://archive.ubuntu.com/ubuntu jammy/restricted amd64 Packages [164 kB]
Get:12 http://archive.ubuntu.com/ubuntu jammy/multiverse amd64 Packages [266 kB]
Get:13 http://archive.ubuntu.com/ubuntu jammy-updates/restricted amd64 Packages [863 kB]
Get:14 http://archive.ubuntu.com/ubuntu jammy-updates/multiverse amd64 Packages [49.8 kB]
Get:15 http://archive.ubuntu.com/ubuntu jammy-updates/main amd64 Packages [1087 kB]
Get:16 http://archive.ubuntu.com/ubuntu jammy-updates/universe amd64 Packages [1230 kB]
Get:17 http://archive.ubuntu.com/ubuntu jammy-backports/main amd64 Packages [49.4 kB]
Get:18 http://archive.ubuntu.com/ubuntu jammy-backports/universe amd64 Packages [25.6 kB]
Fetched 26.3 MB in 17s (1501 kB/s)
Reading package lists... Done
root@ca850eb0e6e8:/#
root@ca850eb0e6e8:/#
root@ca850eb0e6e8:/#
root@ca850eb0e6e8:/# apt-get install net-tools
Reading package lists... Done
Building dependency tree... Done
Reading state information... Done
The following NEW packages will be installed:
  net-tools
0 upgraded, 1 newly installed, 0 to remove and 0 not upgraded.
Need to get 204 kB of archives.
After this operation, 819 kB of additional disk space will be used.
Get:1 http://archive.ubuntu.com/ubuntu jammy/main amd64 net-tools amd64 1.60+git20181103.0eebece-1ubuntu5 [204 kB]
Fetched 204 kB in 2s (110 kB/s)
debconf: delaying package configuration, since apt-utils is not installed
Selecting previously unselected package net-tools.
(Reading database ... 4395 files and directories currently installed.)
Preparing to unpack .../net-tools_1.60+git20181103.0eebece-1ubuntu5_amd64.deb ...
Unpacking net-tools (1.60+git20181103.0eebece-1ubuntu5) ...
Setting up net-tools (1.60+git20181103.0eebece-1ubuntu5) ...
root@ca850eb0e6e8:/#
root@ca850eb0e6e8:/#
root@ca850eb0e6e8:/#
root@ca850eb0e6e8:/# apt-get install iputils-ping
Reading package lists... Done
Building dependency tree... Done
Reading state information... Done
The following additional packages will be installed:
  libcap2-bin libpam-cap
The following NEW packages will be installed:
  iputils-ping libcap2-bin libpam-cap
0 upgraded, 3 newly installed, 0 to remove and 0 not upgraded.
Need to get 76.8 kB of archives.
After this operation, 280 kB of additional disk space will be used.
Do you want to continue? [Y/n] y
Get:1 http://archive.ubuntu.com/ubuntu jammy-updates/main amd64 libcap2-bin amd64 1:2.44-1ubuntu0.22.04.1 [26.0 kB]
Get:2 http://archive.ubuntu.com/ubuntu jammy/main amd64 iputils-ping amd64 3:20211215-1 [42.9 kB]
Get:3 http://archive.ubuntu.com/ubuntu jammy-updates/main amd64 libpam-cap amd64 1:2.44-1ubuntu0.22.04.1 [7928 B]
Fetched 76.8 kB in 1s (70.9 kB/s)
debconf: delaying package configuration, since apt-utils is not installed
Selecting previously unselected package libcap2-bin.
(Reading database ... 4444 files and directories currently installed.)
Preparing to unpack .../libcap2-bin_1%3a2.44-1ubuntu0.22.04.1_amd64.deb ...
Unpacking libcap2-bin (1:2.44-1ubuntu0.22.04.1) ...
Selecting previously unselected package iputils-ping.
Preparing to unpack .../iputils-ping_3%3a20211215-1_amd64.deb ...
Unpacking iputils-ping (3:20211215-1) ...
Selecting previously unselected package libpam-cap:amd64.
Preparing to unpack .../libpam-cap_1%3a2.44-1ubuntu0.22.04.1_amd64.deb ...
Unpacking libpam-cap:amd64 (1:2.44-1ubuntu0.22.04.1) ...
Setting up libcap2-bin (1:2.44-1ubuntu0.22.04.1) ...
Setting up libpam-cap:amd64 (1:2.44-1ubuntu0.22.04.1) ...
debconf: unable to initialize frontend: Dialog
debconf: (No usable dialog-like program is installed, so the dialog based frontend cannot be used. at /usr/share/perl5/Debconf/FrontEnd/Dialog.pm line 78.)
debconf: falling back to frontend: Readline
debconf: unable to initialize frontend: Readline
debconf: (Can't locate Term/ReadLine.pm in @INC (you may need to install the Term::ReadLine module) (@INC contains: /etc/perl /usr/local/lib/x86_64-linux-gnu/perl/5.34.0 /usr/local/share/perl/5.34.0 /usr/lib/x86_64-linux-gnu/perl5/5.34 /usr/share/perl5 /usr/lib/x86_64-linux-gnu/perl-base /usr/lib/x86_64-linux-gnu/perl/5.34 /usr/share/perl/5.34 /usr/local/lib/site_perl) at /usr/share/perl5/Debconf/FrontEnd/Readline.pm line 7.)
debconf: falling back to frontend: Teletype
Setting up iputils-ping (3:20211215-1) ...
root@ca850eb0e6e8:/#
root@ca850eb0e6e8:/#
root@ca850eb0e6e8:/#
root@ca850eb0e6e8:/# ping 172.18.0.12 -c 2
PING 172.18.0.12 (172.18.0.12) 56(84) bytes of data.
From 172.18.0.11 icmp_seq=1 Destination Host Unreachable
From 172.18.0.11 icmp_seq=2 Destination Host Unreachable

--- 172.18.0.12 ping statistics ---
2 packets transmitted, 0 received, +2 errors, 100% packet loss, time 1058ms
pipe 2
root@ca850eb0e6e8:/# exit
exit
root@ubuntu-bionic:~#
root@ubuntu-bionic:~#
root@ubuntu-bionic:~#
root@ubuntu-bionic:~# brctl show
bridge name     bridge id               STP enabled     interfaces
br-ca825b8df41a         8000.0242cad69bf7       no              veth7e23eef
docker0         8000.02427a8bd13e       no
root@ubuntu-bionic:~#
root@ubuntu-bionic:~#
root@ubuntu-bionic:~#
root@ubuntu-bionic:~# sudo ip link add vxlan-demo type vxlan id 100 remote 192.168.33.11 dstport 4789 dev enp0s8
root@ubuntu-bionic:~#
root@ubuntu-bionic:~#
root@ubuntu-bionic:~#
root@ubuntu-bionic:~# ip a | grep vxlan
8: vxlan-demo: <BROADCAST,MULTICAST> mtu 1450 qdisc noop state DOWN group default qlen 1000
root@ubuntu-bionic:~#
root@ubuntu-bionic:~#
root@ubuntu-bionic:~# sudo ip link set vxlan-demo up
root@ubuntu-bionic:~# ip a | grep vxlan
8: vxlan-demo: <BROADCAST,MULTICAST,UP,LOWER_UP> mtu 1450 qdisc noqueue state UNKNOWN group default qlen 1000
root@ubuntu-bionic:~#
root@ubuntu-bionic:~#
root@ubuntu-bionic:~# sudo brctl addif br-ca825b8df41a vxlan-demo
root@ubuntu-bionic:~# route -n
Kernel IP routing table
Destination     Gateway         Genmask         Flags Metric Ref    Use Iface
0.0.0.0         10.0.2.2        0.0.0.0         UG    100    0        0 enp0s3
10.0.2.0        0.0.0.0         255.255.255.0   U     0      0        0 enp0s3
10.0.2.2        0.0.0.0         255.255.255.255 UH    100    0        0 enp0s3
172.17.0.0      0.0.0.0         255.255.0.0     U     0      0        0 docker0
172.18.0.0      0.0.0.0         255.255.0.0     U     0      0        0 br-ca825b8df41a
192.168.33.0    0.0.0.0         255.255.255.0   U     0      0        0 enp0s8
root@ubuntu-bionic:~#
root@ubuntu-bionic:~# sudo ip a
1: lo: <LOOPBACK,UP,LOWER_UP> mtu 65536 qdisc noqueue state UNKNOWN group default qlen 1000
    link/loopback 00:00:00:00:00:00 brd 00:00:00:00:00:00
    inet 127.0.0.1/8 scope host lo
       valid_lft forever preferred_lft forever
    inet6 ::1/128 scope host
       valid_lft forever preferred_lft forever
2: enp0s3: <BROADCAST,MULTICAST,UP,LOWER_UP> mtu 1500 qdisc fq_codel state UP group default qlen 1000
    link/ether 02:3b:7b:b7:3b:2d brd ff:ff:ff:ff:ff:ff
    inet 10.0.2.15/24 brd 10.0.2.255 scope global dynamic enp0s3
       valid_lft 84885sec preferred_lft 84885sec
    inet6 fe80::3b:7bff:feb7:3b2d/64 scope link
       valid_lft forever preferred_lft forever
3: enp0s8: <BROADCAST,MULTICAST,UP,LOWER_UP> mtu 1500 qdisc fq_codel state UP group default qlen 1000
    link/ether 08:00:27:53:ca:b5 brd ff:ff:ff:ff:ff:ff
    inet 192.168.33.10/24 brd 192.168.33.255 scope global enp0s8
       valid_lft forever preferred_lft forever
    inet6 fe80::a00:27ff:fe53:cab5/64 scope link
       valid_lft forever preferred_lft forever
4: docker0: <NO-CARRIER,BROADCAST,MULTICAST,UP> mtu 1500 qdisc noqueue state DOWN group default
    link/ether 02:42:7a:8b:d1:3e brd ff:ff:ff:ff:ff:ff
    inet 172.17.0.1/16 brd 172.17.255.255 scope global docker0
       valid_lft forever preferred_lft forever
5: br-ca825b8df41a: <BROADCAST,MULTICAST,UP,LOWER_UP> mtu 1450 qdisc noqueue state UP group default
    link/ether 02:42:ca:d6:9b:f7 brd ff:ff:ff:ff:ff:ff
    inet 172.18.0.1/16 brd 172.18.255.255 scope global br-ca825b8df41a
       valid_lft forever preferred_lft forever
    inet6 fe80::42:caff:fed6:9bf7/64 scope link
       valid_lft forever preferred_lft forever
7: veth7e23eef@if6: <BROADCAST,MULTICAST,UP,LOWER_UP> mtu 1500 qdisc noqueue master br-ca825b8df41a state UP group default
    link/ether 82:6e:ca:f7:b1:86 brd ff:ff:ff:ff:ff:ff link-netnsid 0
    inet6 fe80::806e:caff:fef7:b186/64 scope link
       valid_lft forever preferred_lft forever
8: vxlan-demo: <BROADCAST,MULTICAST,UP,LOWER_UP> mtu 1450 qdisc noqueue master br-ca825b8df41a state UNKNOWN group default qlen 1000
    link/ether 46:40:d3:c9:65:77 brd ff:ff:ff:ff:ff:ff
    inet6 fe80::4440:d3ff:fec9:6577/64 scope link
       valid_lft forever preferred_lft forever
root@ubuntu-bionic:~#
root@ubuntu-bionic:~#
root@ubuntu-bionic:~#
root@ubuntu-bionic:~# sudo docker ps
CONTAINER ID   IMAGE     COMMAND        CREATED          STATUS          PORTS     NAMES
ca850eb0e6e8   ubuntu    "sleep 3000"   16 minutes ago   Up 16 minutes             loving_pike
root@ubuntu-bionic:~# sudo docker exec -it ca850eb0e6e8 bash
root@ca850eb0e6e8:/#
root@ca850eb0e6e8:/#
root@ca850eb0e6e8:/#
root@ca850eb0e6e8:/# ping 172.18.0.12 -c 2
PING 172.18.0.12 (172.18.0.12) 56(84) bytes of data.
64 bytes from 172.18.0.12: icmp_seq=1 ttl=64 time=1.26 ms
64 bytes from 172.18.0.12: icmp_seq=2 ttl=64 time=0.486 ms

--- 172.18.0.12 ping statistics ---
2 packets transmitted, 2 received, 0% packet loss, time 1001ms
rtt min/avg/max/mdev = 0.486/0.873/1.261/0.387 ms
root@ca850eb0e6e8:/#
root@ca850eb0e6e8:/#
root@ca850eb0e6e8:/#
root@ca850eb0e6e8:/#
root@ca850eb0e6e8:/# exit
exit
root@ubuntu-bionic:~#
